------------------------------------------------------------
Timing Analyzer Summary
------------------------------------------------------------

Type  : Slow 1100mV 85C Model Setup 'clk'
Slack : -0.813
TNS   : -1.991

Type  : Slow 1100mV 85C Model Hold 'clk'
Slack : 0.376
TNS   : 0.000

Type  : Slow 1100mV 85C Model Minimum Pulse Width 'clk'
Slack : -0.394
TNS   : -2.096

Type  : Slow 1100mV 0C Model Setup 'clk'
Slack : -0.859
TNS   : -2.039

Type  : Slow 1100mV 0C Model Hold 'clk'
Slack : 0.391
TNS   : 0.000

Type  : Slow 1100mV 0C Model Minimum Pulse Width 'clk'
Slack : -0.394
TNS   : -2.264

Type  : Fast 1100mV 85C Model Setup 'clk'
Slack : -0.035
TNS   : -0.035

Type  : Fast 1100mV 85C Model Hold 'clk'
Slack : 0.181
TNS   : 0.000

Type  : Fast 1100mV 85C Model Minimum Pulse Width 'clk'
Slack : -0.080
TNS   : -0.320

Type  : Fast 1100mV 0C Model Setup 'clk'
Slack : 0.018
TNS   : 0.000

Type  : Fast 1100mV 0C Model Hold 'clk'
Slack : 0.174
TNS   : 0.000

Type  : Fast 1100mV 0C Model Minimum Pulse Width 'clk'
Slack : -0.081
TNS   : -0.324

------------------------------------------------------------
