<html>
<body>
<pre>
<h1>µVision Build Log</h1>
<h2>Project:</h2>
D:\Studies\College\4th Sem\EC210 - Microprocessor's LAB\lab2\lab2.uvproj
Project File Date:  02/19/2022

<h2>Output:</h2>
Rebuild target 'Target 1'
assembling q2s.s...
q2s.s(4): error: A1106E: Missing comma
q2s.s(5): error: A1106E: Missing comma
".\lab2.axf" - 2 Errors, 0 Warning(s).
Target not created
Rebuild target 'Target 1'
assembling q2s.s...
linking...
Program Size: Code=48 RO-data=0 RW-data=0 ZI-data=0  
".\lab2.axf" - 0 Errors, 0 Warning(s).
Rebuild target 'Target 1'
assembling q2s.s...
q2s.s(4): error: A1106E: Missing comma
q2s.s(5): error: A1106E: Missing comma
".\lab2.axf" - 2 Errors, 0 Warning(s).
Target not created
Rebuild target 'Target 1'
assembling q2s.s...
q2s.s(5): error: A1510E: Immediate 0x8F00000F cannot be represented by 0-255 and a rotation
".\lab2.axf" - 1 Errors, 0 Warning(s).
Target not created
Rebuild target 'Target 1'
assembling q2s.s...
linking...
Program Size: Code=48 RO-data=0 RW-data=0 ZI-data=0  
".\lab2.axf" - 0 Errors, 0 Warning(s).
Rebuild target 'Target 1'
assembling q2s.s...
q2s.s(7): warning: A1865W: '#' not seen before constant expression
linking...
Program Size: Code=48 RO-data=0 RW-data=0 ZI-data=0  
".\lab2.axf" - 0 Errors, 1 Warning(s).
Rebuild target 'Target 1'
assembling q2s.s...
linking...
Program Size: Code=48 RO-data=0 RW-data=0 ZI-data=0  
".\lab2.axf" - 0 Errors, 0 Warning(s).
Rebuild target 'Target 1'
assembling q2s.s...
linking...
Program Size: Code=44 RO-data=0 RW-data=0 ZI-data=0  
".\lab2.axf" - 0 Errors, 0 Warning(s).
Rebuild target 'Target 1'
assembling q2s.s...
q2s.s(20): error: A1106E: Missing comma
".\lab2.axf" - 1 Errors, 0 Warning(s).
Target not created
Rebuild target 'Target 1'
assembling q2s.s...
linking...
Program Size: Code=56 RO-data=0 RW-data=0 ZI-data=0  
".\lab2.axf" - 0 Errors, 0 Warning(s).
Rebuild target 'Target 1'
assembling q3.s...
linking...
Program Size: Code=44 RO-data=0 RW-data=0 ZI-data=0  
".\lab2.axf" - 0 Errors, 0 Warning(s).
Rebuild target 'Target 1'
assembling signedsixtyfour.s...
linking...
Program Size: Code=44 RO-data=0 RW-data=0 ZI-data=0  
".\lab2.axf" - 0 Errors, 0 Warning(s).
Rebuild target 'Target 1'
assembling signedsixtyfour.s...
signedsixtyfour.s(11): error: A1106E: Missing comma
".\lab2.axf" - 1 Errors, 0 Warning(s).
Target not created
Rebuild target 'Target 1'
assembling signedsixtyfour.s...
linking...
Program Size: Code=60 RO-data=0 RW-data=0 ZI-data=0  
".\lab2.axf" - 0 Errors, 0 Warning(s).
Rebuild target 'Target 1'
assembling q21.s...
linking...
Program Size: Code=48 RO-data=0 RW-data=0 ZI-data=0  
".\lab2.axf" - 0 Errors, 0 Warning(s).
Rebuild target 'Target 1'
assembling q2s.s...
linking...
Program Size: Code=68 RO-data=0 RW-data=0 ZI-data=0  
".\lab2.axf" - 0 Errors, 0 Warning(s).
Rebuild target 'Target 1'
assembling q2s.s...
linking...
Program Size: Code=68 RO-data=0 RW-data=0 ZI-data=0  
".\lab2.axf" - 0 Errors, 0 Warning(s).
Rebuild target 'Target 1'
assembling q3.s...
linking...
Program Size: Code=44 RO-data=0 RW-data=0 ZI-data=0  
".\lab2.axf" - 0 Errors, 0 Warning(s).
Rebuild target 'Target 1'
assembling signedsixtyfour.s...
linking...
Program Size: Code=72 RO-data=0 RW-data=0 ZI-data=0  
".\lab2.axf" - 0 Errors, 0 Warning(s).
