<html>
<body>
<pre>
<h1>µVision Build Log</h1>
<h2>Tool Versions:</h2>
IDE-Version: µVision V5.36.0.0
Copyright (C) 2021 ARM Ltd and ARM Germany GmbH. All rights reserved.
License Information: ut utkarshm568@live.com, jgkasj, LIC=----
 
Tool Versions:
Toolchain:       MDK-Lite  Version: 5.36.0.0
Toolchain Path:  C:\Keil_v5\ARM\ARMCLANG\Bin
C Compiler:      ArmClang.exe V6.16
Assembler:       Armasm.exe V6.16
Linker/Locator:  ArmLink.exe V6.16
Library Manager: ArmAr.exe V6.16
Hex Converter:   FromElf.exe V6.16
CPU DLL:         SARMCM3.DLL V5.36.0.0
Dialog DLL:      DCM.DLL V1.17.3.0
Target DLL:      UL2CM3.DLL V1.164.0.0
Dialog DLL:      TCM.DLL V1.53.0.0
 
<h2>Project:</h2>
D:\Studies\College\4th_Sem\DSP-LAB\conv\conv.uvprojx
Project File Date:  03/12/2022

<h2>Output:</h2>
*** Using Compiler 'V6.16', folder: 'C:\Keil_v5\ARM\ARMCLANG\Bin'
Rebuild target 'Target 1'
assembling startup_stm32f407xx.s...
main.c(12): warning: implicit conversion changes signedness: 'int' to 'unsigned int' [-Wsign-conversion]
        int* z =(int*)malloc((m+n- 1) * sizeof(int));;
                              ~~~^~~  ~
main.c(12): warning: empty expression statement has no effect; remove unnecessary ';' to silence this warning [-Wextra-semi-stmt]
        int* z =(int*)malloc((m+n- 1) * sizeof(int));;
                                                     ^
2 warnings generated.
compiling main.c...
compiling stm32f4xx_hal.c...
compiling stm32f4xx_ll_pwr.c...
C:/Users/utkar/AppData/Local/Arm/Packs/Keil/STM32F4xx_DFP/2.16.0/Drivers/STM32F4xx_HAL_Driver/Src/stm32f4xx_hal_cortex.c(217): warning: function 'HAL_NVIC_SystemReset' could be declared with attribute 'noreturn' [-Wmissing-noreturn]
{
^
C:/Users/utkar/AppData/Local/Arm/Packs/Keil/STM32F4xx_DFP/2.16.0/Drivers/STM32F4xx_HAL_Driver/Src/stm32f4xx_hal_cortex.c(83): warning: In file included from...
C:/Users/utkar/AppData/Local/Arm/Packs/Keil/STM32F4xx_DFP/2.16.0/Drivers/STM32F4xx_HAL_Driver/Inc\stm32f4xx_hal.h(30): warning: In file included from...
./RTE/Device/STM32F407VGTx\stm32f4xx_hal_conf.h(399): warning: In file included from...
C:/Users/utkar/AppData/Local/Arm/Packs/Keil/STM32F4xx_DFP/2.16.0/Drivers/STM32F4xx_HAL_Driver/Inc\stm32f4xx_hal_cortex.h(54): warning: padding struct 'MPU_Region_InitTypeDef' with 2 bytes to align 'BaseAddress' [-Wpadded]
  uint32_t               BaseAddress;           /*!< Specifies the base address of the region to protect.                           */
                         ^
2 warnings generated.
compiling stm32f4xx_hal_cortex.c...
compiling stm32f4xx_hal_gpio.c...
compiling stm32f4xx_hal_pwr_ex.c...
compiling stm32f4xx_ll_gpio.c...
C:/Users/utkar/AppData/Local/Arm/Packs/Keil/STM32F4xx_DFP/2.16.0/Drivers/STM32F4xx_HAL_Driver/Src/stm32f4xx_hal_pwr.c(381): warning: unused parameter 'Regulator' [-Wunused-parameter]
void HAL_PWR_EnterSLEEPMode(uint32_t Regulator, uint8_t SLEEPEntry)
                                     ^
1 warning generated.
compiling stm32f4xx_hal_pwr.c...
compiling stm32f4xx_hal_rcc_ex.c...
C:/Users/utkar/AppData/Local/Arm/Packs/Keil/STM32F4xx_DFP/2.16.0/Drivers/STM32F4xx_HAL_Driver/Src/stm32f4xx_ll_adc.c(22): warning: In file included from...
C:/Users/utkar/AppData/Local/Arm/Packs/Keil/STM32F4xx_DFP/2.16.0/Drivers/STM32F4xx_HAL_Driver/Inc\stm32f4xx_ll_adc.h(4019): warning: implicit conversion loses integer precision: 'uint16_t' (aka 'unsigned short') to 'uint8_t' (aka 'unsigned char') [-Wimplicit-int-conversion]
  return (uint16_t)(READ_BIT(ADCx->DR, ADC_DR_DATA));
  ~~~~~~ ^~~~~~~~~~~~~~~~~~~~~~~~~~~~~~~~~~~~~~~~~~~
C:/Users/utkar/AppData/Local/Arm/Packs/Keil/STM32F4xx_DFP/2.16.0/Drivers/STM32F4xx_HAL_Driver/Inc\stm32f4xx_ll_adc.h(4034): warning: implicit conversion loses integer precision: 'uint16_t' (aka 'unsigned short') to 'uint8_t' (aka 'unsigned char') [-Wimplicit-int-conversion]
  return (uint16_t)(READ_BIT(ADCx->DR, ADC_DR_DATA));
  ~~~~~~ ^~~~~~~~~~~~~~~~~~~~~~~~~~~~~~~~~~~~~~~~~~~
C:/Users/utkar/AppData/Local/Arm/Packs/Keil/STM32F4xx_DFP/2.16.0/Drivers/STM32F4xx_HAL_Driver/Inc\stm32f4xx_ll_adc.h(4396): warning: unused parameter 'ADCxy_COMMON' [-Wunused-parameter]
__STATIC_INLINE uint32_t LL_ADC_IsActiveFlag_MST_EOCS(ADC_Common_TypeDef *ADCxy_COMMON)
                                                                          ^
C:/Users/utkar/AppData/Local/Arm/Packs/Keil/STM32F4xx_DFP/2.16.0/Drivers/STM32F4xx_HAL_Driver/Src/stm32f4xx_ll_adc.c(290): warning: unused parameter 'ADCxy_COMMON' [-Wunused-parameter]
ErrorStatus LL_ADC_CommonDeInit(ADC_Common_TypeDef *ADCxy_COMMON)
                                                    ^
4 warnings generated.
compiling stm32f4xx_ll_adc.c...
compiling stm32f4xx_ll_utils.c...
compiling stm32f4xx_ll_i2c.c...
C:/Users/utkar/AppData/Local/Arm/Packs/Keil/STM32F4xx_DFP/2.16.0/Drivers/STM32F4xx_HAL_Driver/Src/stm32f4xx_ll_rcc.c(754): warning: unused parameter 'RNGxSource' [-Wunused-parameter]
uint32_t LL_RCC_GetRNGClockFreq(uint32_t RNGxSource)
                                         ^
C:/Users/utkar/AppData/Local/Arm/Packs/Keil/STM32F4xx_DFP/2.16.0/Drivers/STM32F4xx_HAL_Driver/Src/stm32f4xx_ll_rcc.c(849): warning: unused parameter 'USBxSource' [-Wunused-parameter]
uint32_t LL_RCC_GetUSBClockFreq(uint32_t USBxSource)
                                         ^
2 warnings generated.
compiling stm32f4xx_ll_rcc.c...
compiling stm32f4xx_hal_rcc.c...
compiling system_stm32f4xx.c...
linking...
Program Size: Code=1180 RO-data=408 RW-data=0 ZI-data=1632  
".\Objects\conv.axf" - 0 Error(s), 11 Warning(s).

<h2>Software Packages used:</h2>

Package Vendor: ARM
                http://www.keil.com/pack/ARM.CMSIS.5.8.0.pack
                ARM.CMSIS.5.8.0
                CMSIS (Common Microcontroller Software Interface Standard)
   * Component: CORE Version: 5.5.0

Package Vendor: Keil
                http://www.keil.com/pack/Keil.STM32F4xx_DFP.2.16.0.pack
                Keil.STM32F4xx_DFP.2.16.0
                STMicroelectronics STM32F4 Series Device Support, Drivers and Examples
   * Component: STM32Cube Framework Version: 1.0.0
   * Component: Classic Version: 1.7.13
   * Component: Common Version: 1.7.13
   * Component: Cortex Version: 1.7.13
   * Component: GPIO Version: 1.7.13
   * Component: PWR Version: 1.7.13
   * Component: RCC Version: 1.7.13
   * Component: ADC Version: 1.7.13
   * Component: Common Version: 1.7.13
   * Component: GPIO Version: 1.7.13
   * Component: I2C Version: 1.7.13
   * Component: PWR Version: 1.7.13
   * Component: RCC Version: 1.7.13
   * Component: UTILS Version: 1.7.13
   * Component: Startup Version: 2.6.3

<h2>Collection of Component include folders:</h2>
  .\RTE\Device\STM32F407VGTx
  .\RTE\_Target_1
  C:\Users\utkar\AppData\Local\Arm\Packs\ARM\CMSIS\5.8.0\CMSIS\Core\Include
  C:\Users\utkar\AppData\Local\Arm\Packs\Keil\STM32F4xx_DFP\2.16.0\Drivers\CMSIS\Device\ST\STM32F4xx\Include
  C:\Users\utkar\AppData\Local\Arm\Packs\Keil\STM32F4xx_DFP\2.16.0\Drivers\STM32F4xx_HAL_Driver\Inc
  C:\Users\utkar\AppData\Local\Arm\Packs\Keil\STM32F4xx_DFP\2.16.0\Drivers\STM32F4xx_HAL_Driver\Inc\Legacy

<h2>Collection of Component Files used:</h2>

   * Component: ::Device:STM32Cube Framework:1.0.0 (API)

   * Component: ARM::CMSIS:CORE:5.5.0

   * Component: Keil::Device:STM32Cube Framework:Classic:1.7.13
      Include file:  MDK\Templates\Inc\stm32f4xx_it.h
      Include file:  MDK\Templates\Inc\main.h
      Include file:  MDK\Templates\Inc\stm32f4xx_hal_conf.h
      Source file:   MDK\Templates\Src\main.c
      Source file:   MDK\Templates\Src\stm32f4xx_hal_msp.c
      Source file:   MDK\Templates_LL\Src\main.c
      Include file:  MDK\Templates_LL\Inc\main.h
      Include file:  CMSIS\Driver\Config\RTE_Device.h
      Source file:   MDK\Templates\Src\stm32f4xx_it.c

   * Component: Keil::Device:STM32Cube HAL:Common:1.7.13
      Source file:   Drivers\STM32F4xx_HAL_Driver\Src\stm32f4xx_hal.c
      Include file:  Drivers\STM32F4xx_HAL_Driver\Inc\stm32f4xx_hal.h

   * Component: Keil::Device:STM32Cube HAL:Cortex:1.7.13
      Source file:   Drivers\STM32F4xx_HAL_Driver\Src\stm32f4xx_hal_cortex.c

   * Component: Keil::Device:STM32Cube HAL:GPIO:1.7.13
      Source file:   Drivers\STM32F4xx_HAL_Driver\Src\stm32f4xx_hal_gpio.c

   * Component: Keil::Device:STM32Cube HAL:PWR:1.7.13
      Source file:   Drivers\STM32F4xx_HAL_Driver\Src\stm32f4xx_hal_pwr_ex.c
      Source file:   Drivers\STM32F4xx_HAL_Driver\Src\stm32f4xx_hal_pwr.c

   * Component: Keil::Device:STM32Cube HAL:RCC:1.7.13
      Source file:   Drivers\STM32F4xx_HAL_Driver\Src\stm32f4xx_hal_rcc_ex.c
      Source file:   Drivers\STM32F4xx_HAL_Driver\Src\stm32f4xx_hal_rcc.c

   * Component: Keil::Device:STM32Cube LL:ADC:1.7.13
      Source file:   Drivers\STM32F4xx_HAL_Driver\Src\stm32f4xx_ll_adc.c

   * Component: Keil::Device:STM32Cube LL:Common:1.7.13

   * Component: Keil::Device:STM32Cube LL:GPIO:1.7.13
      Source file:   Drivers\STM32F4xx_HAL_Driver\Src\stm32f4xx_ll_gpio.c

   * Component: Keil::Device:STM32Cube LL:I2C:1.7.13
      Source file:   Drivers\STM32F4xx_HAL_Driver\Src\stm32f4xx_ll_i2c.c

   * Component: Keil::Device:STM32Cube LL:PWR:1.7.13
      Source file:   Drivers\STM32F4xx_HAL_Driver\Src\stm32f4xx_ll_pwr.c

   * Component: Keil::Device:STM32Cube LL:RCC:1.7.13
      Source file:   Drivers\STM32F4xx_HAL_Driver\Src\stm32f4xx_ll_rcc.c

   * Component: Keil::Device:STM32Cube LL:UTILS:1.7.13
      Source file:   Drivers\STM32F4xx_HAL_Driver\Src\stm32f4xx_ll_utils.c

   * Component: Keil::Device:Startup:2.6.3
      Source file:   Drivers\CMSIS\Device\ST\STM32F4xx\Source\Templates\arm\startup_stm32f407xx.s
      Source file:   MDK\Device\Source\ARM\STM32F40xxx_41xxx_OPT.s
      Source file:   MDK\Device\Source\ARM\STM32F4xx_OTP.s
      Include file:  Drivers\CMSIS\Device\ST\STM32F4xx\Include\stm32f4xx.h
      Source file:   Drivers\CMSIS\Device\ST\STM32F4xx\Source\Templates\system_stm32f4xx.c
Build Time Elapsed:  00:00:01
</pre>
</body>
</html>
