ARM Linker, 5.03 [Build 76] [MDK-ARM Lite]

==============================================================================

Section Cross References

    71sda.o(hmm) refers to 71sda.o(AllocSpace) for c


==============================================================================

Image Symbol Table

    Local Symbols

    Symbol Name                              Value     Ov Type        Size  Object(Section)

    hmm                                      0x00000000   Section      104  71sda.o(hmm)
    71sda.s                                  0x00000000   Number         0  71sda.o ABSOLUTE
    a                                        0x00000054   Data           4  71sda.o(hmm)
    bi                                       0x00000058   Data           4  71sda.o(hmm)
    AllocSpace                               0x00000068   Section        8  71sda.o(AllocSpace)
    c                                        0x00000068   Data           8  71sda.o(AllocSpace)

    Global Symbols

    Symbol Name                              Value     Ov Type        Size  Object(Section)

    BuildAttributes$$THM_ISAv1$ARM_ISAv4$S$PE$A:L22$X:L11$S22$IEEE1$IW$USESV6$~STKCKD$USESV7$~SHL$OSPACE$EBA8$STANDARDLIB$PRES8$EABIv2 0x00000000   Number         0  anon$$obj.o ABSOLUTE
    Reset_Handler                            0x00000000   ARM Code       0  71sda.o(hmm)



==============================================================================

Memory Map of the image

  Image Entry point : 0x00000000

  Load Region LR_1 (Base: 0x00000000, Size: 0x00000068, Max: 0xffffffff, ABSOLUTE)

    Execution Region ER_RO (Base: 0x00000000, Size: 0x00000000, Max: 0xffffffff, ABSOLUTE)

    **** No section assigned to this execution region ****


    Execution Region ER_RW (Base: 0x00000000, Size: 0x00000068, Max: 0xffffffff, ABSOLUTE)

    Base Addr    Size         Type   Attr      Idx    E Section Name        Object

    0x00000000   0x00000068   Code   RW            2  * hmm                 71sda.o


    Execution Region ER_ZI (Base: 0x00000068, Size: 0x00000008, Max: 0xffffffff, ABSOLUTE)

    Base Addr    Size         Type   Attr      Idx    E Section Name        Object

    0x00000068   0x00000008   Zero   RW            1    AllocSpace          71sda.o


==============================================================================

Image component sizes


      Code (inc. data)   RO Data    RW Data    ZI Data      Debug   Object Name

       104         20          0          0          8        236   71sda.o

    ----------------------------------------------------------------------
       104         20          0          0          8        236   Object Totals
         0          0          0          0          0          0   (incl. Generated)
         0          0          0          0          0          0   (incl. Padding)

    ----------------------------------------------------------------------
         0          0          0          0          0          0   Library Totals
         0          0          0          0          0          0   (incl. Padding)

    ----------------------------------------------------------------------

==============================================================================


      Code (inc. data)   RO Data    RW Data    ZI Data      Debug   

       104         20          0          0          8        236   Grand Totals
       104         20          0          0          8        236   ELF Image Totals
       104         20          0          0          0          0   ROM Totals

==============================================================================

    Total RO  Size (Code + RO Data)                  104 (   0.10kB)
    Total RW  Size (RW Data + ZI Data)                 8 (   0.01kB)
    Total ROM Size (Code + RO Data + RW Data)        104 (   0.10kB)

==============================================================================

