<html>
<body>
<pre>
<h1>µVision Build Log</h1>
<h2>Project:</h2>
D:\Studies\College\4th_Sem\EC210 - Microprocessor's LAB\lab7\l7.uvproj
Project File Date:  03/30/2022

<h2>Output:</h2>
Rebuild target 'Target 1'
assembling q1a.s...
linking...
Program Size: Code=76 RO-data=0 RW-data=0 ZI-data=8  
".\l7.axf" - 0 Errors, 0 Warning(s).
Rebuild target 'Target 1'
assembling q1a.s...
q1a.s(27): error: A1183E: Numeric overflow
".\l7.axf" - 1 Errors, 0 Warning(s).
Target not created
Rebuild target 'Target 1'
assembling q1a.s...
linking...
Program Size: Code=76 RO-data=0 RW-data=0 ZI-data=8  
".\l7.axf" - 0 Errors, 0 Warning(s).
Rebuild target 'Target 1'
assembling q1a.s...
linking...
Program Size: Code=76 RO-data=0 RW-data=0 ZI-data=8  
".\l7.axf" - 0 Errors, 0 Warning(s).
Build target 'Target 1'
assembling q1a.s...
linking...
Program Size: Code=76 RO-data=0 RW-data=0 ZI-data=8  
".\l7.axf" - 0 Errors, 0 Warning(s).
Rebuild target 'Target 1'
assembling q1a.s...
linking...
Program Size: Code=76 RO-data=0 RW-data=0 ZI-data=8  
".\l7.axf" - 0 Errors, 0 Warning(s).
Rebuild target 'Target 1'
assembling q1b.s...
q1b.s(20): error: A1112E: Expected address expression
q1b.s(25): error: A1108E: Multiply defined symbol 'd1'
q1b.s(29): error: A1112E: Expected address expression
".\l7.axf" - 3 Errors, 0 Warning(s).
Target not created
Rebuild target 'Target 1'
assembling q1b.s...
linking...
Program Size: Code=108 RO-data=0 RW-data=0 ZI-data=8  
".\l7.axf" - 0 Errors, 0 Warning(s).
Rebuild target 'Target 1'
assembling q1b.s...
linking...
Program Size: Code=108 RO-data=0 RW-data=0 ZI-data=8  
".\l7.axf" - 0 Errors, 0 Warning(s).
Rebuild target 'Target 1'
assembling q1b.s...
linking...
Program Size: Code=108 RO-data=0 RW-data=0 ZI-data=8  
".\l7.axf" - 0 Errors, 0 Warning(s).
Rebuild target 'Target 1'
assembling q1b.s...
q1b.s(29): error: A1516E: Bad symbol 'd_one', not defined or external
".\l7.axf" - 1 Errors, 0 Warning(s).
Target not created
Rebuild target 'Target 1'
assembling 75a.s...
linking...
Program Size: Code=52 RO-data=0 RW-data=0 ZI-data=4  
".\l7.axf" - 0 Errors, 0 Warning(s).
Rebuild target 'Target 1'
assembling 75a.s...
linking...
Program Size: Code=52 RO-data=0 RW-data=0 ZI-data=4  
".\l7.axf" - 0 Errors, 0 Warning(s).
Rebuild target 'Target 1'
assembling 75a.s...
linking...
Program Size: Code=52 RO-data=0 RW-data=0 ZI-data=4  
".\l7.axf" - 0 Errors, 0 Warning(s).
Rebuild target 'Target 1'
assembling 75a.s...
75a.s(21): error: A1116E: String operands can only be specified for DCB
".\l7.axf" - 1 Errors, 0 Warning(s).
Target not created
Rebuild target 'Target 1'
assembling 75a.s...
linking...
Program Size: Code=52 RO-data=0 RW-data=0 ZI-data=4  
".\l7.axf" - 0 Errors, 0 Warning(s).
Rebuild target 'Target 1'
assembling 75b.s...
75b.s(23): error: A1647E: Bad register name symbol, expected Integer register
75b.s(25): error: A1477E: This register combination results in UNPREDICTABLE behaviour
75b.s(28): error: A1647E: Bad register name symbol, expected Integer register
75b.s(30): error: A1477E: This register combination results in UNPREDICTABLE behaviour
75b.s(33): error: A1647E: Bad register name symbol, expected Integer register
75b.s(35): error: A1477E: This register combination results in UNPREDICTABLE behaviour
".\l7.axf" - 6 Errors, 0 Warning(s).
Target not created
Rebuild target 'Target 1'
assembling 75b.s...
75b.s(24): error: A1477E: This register combination results in UNPREDICTABLE behaviour
75b.s(26): error: A1477E: This register combination results in UNPREDICTABLE behaviour
75b.s(29): error: A1477E: This register combination results in UNPREDICTABLE behaviour
75b.s(31): error: A1477E: This register combination results in UNPREDICTABLE behaviour
75b.s(34): error: A1477E: This register combination results in UNPREDICTABLE behaviour
75b.s(36): error: A1477E: This register combination results in UNPREDICTABLE behaviour
".\l7.axf" - 6 Errors, 0 Warning(s).
Target not created
Rebuild target 'Target 1'
assembling 75b.s...
75b.s(27): error: A1477E: This register combination results in UNPREDICTABLE behaviour
75b.s(33): error: A1477E: This register combination results in UNPREDICTABLE behaviour
75b.s(39): error: A1477E: This register combination results in UNPREDICTABLE behaviour
".\l7.axf" - 3 Errors, 0 Warning(s).
Target not created
Rebuild target 'Target 1'
assembling 75b.s...
75b.s(20): error: A1516E: Bad symbol 'FF', not defined or external
75b.s(26): error: A1516E: Bad symbol 'FF', not defined or external
75b.s(32): error: A1516E: Bad symbol 'FF', not defined or external
75b.s(38): error: A1516E: Bad symbol 'FF', not defined or external
".\l7.axf" - 4 Errors, 0 Warning(s).
Target not created
Rebuild target 'Target 1'
assembling 75b.s...
linking...
Program Size: Code=144 RO-data=0 RW-data=0 ZI-data=4  
".\l7.axf" - 0 Errors, 0 Warning(s).
Rebuild target 'Target 1'
assembling 75b.s...
linking...
Program Size: Code=144 RO-data=0 RW-data=0 ZI-data=4  
".\l7.axf" - 0 Errors, 0 Warning(s).
Rebuild target 'Target 1'
assembling 75b.s...
linking...
Program Size: Code=144 RO-data=0 RW-data=0 ZI-data=4  
".\l7.axf" - 0 Errors, 0 Warning(s).
Rebuild target 'Target 1'
assembling 75b.s...
linking...
Program Size: Code=124 RO-data=0 RW-data=0 ZI-data=4  
".\l7.axf" - 0 Errors, 0 Warning(s).
Rebuild target 'Target 1'
assembling 75b.s...
linking...
Program Size: Code=124 RO-data=0 RW-data=0 ZI-data=4  
".\l7.axf" - 0 Errors, 0 Warning(s).
Rebuild target 'Target 1'
assembling 75b.s...
linking...
Program Size: Code=124 RO-data=0 RW-data=0 ZI-data=4  
".\l7.axf" - 0 Errors, 0 Warning(s).
Rebuild target 'Target 1'
assembling 75c.s...
linking...
Program Size: Code=176 RO-data=0 RW-data=0 ZI-data=2048  
".\l7.axf" - 0 Errors, 0 Warning(s).
Rebuild target 'Target 1'
assembling 75c.s...
linking...
Program Size: Code=120 RO-data=0 RW-data=0 ZI-data=2048  
".\l7.axf" - 0 Errors, 0 Warning(s).
Rebuild target 'Target 1'
assembling 72.s...
linking...
Program Size: Code=104 RO-data=0 RW-data=0 ZI-data=1024  
".\l7.axf" - 0 Errors, 0 Warning(s).
Rebuild target 'Target 1'
assembling 72.s...
72.s(11): error: A1516E: Bad symbol 'array', not defined or external
".\l7.axf" - 1 Errors, 0 Warning(s).
Target not created
Rebuild target 'Target 1'
assembling 72.s...
72.s(11): error: A1516E: Bad symbol 'array', not defined or external
".\l7.axf" - 1 Errors, 0 Warning(s).
Target not created
Rebuild target 'Target 1'
assembling 72.s...
linking...
Program Size: Code=104 RO-data=0 RW-data=0 ZI-data=1024  
".\l7.axf" - 0 Errors, 0 Warning(s).
Rebuild target 'Target 1'
assembling 72.s...
linking...
Program Size: Code=96 RO-data=0 RW-data=0 ZI-data=1024  
".\l7.axf" - 0 Errors, 0 Warning(s).
Rebuild target 'Target 1'
assembling 74.s...
74.s(16): warning: A1865W: '#' not seen before constant expression
74.s(17): warning: A1865W: '#' not seen before constant expression
74.s(14): error: A1516E: Bad symbol 'z', not defined or external
".\l7.axf" - 1 Errors, 2 Warning(s).
Target not created
Rebuild target 'Target 1'
assembling 74.s...
74.s(14): error: A1516E: Bad symbol 'z', not defined or external
".\l7.axf" - 1 Errors, 0 Warning(s).
Target not created
Rebuild target 'Target 1'
assembling 74.s...
linking...
Program Size: Code=108 RO-data=0 RW-data=0 ZI-data=12  
".\l7.axf" - 0 Errors, 0 Warning(s).
Rebuild target 'Target 1'
assembling 74.s...
linking...
Program Size: Code=112 RO-data=0 RW-data=0 ZI-data=12  
".\l7.axf" - 0 Errors, 0 Warning(s).
Rebuild target 'Target 1'
assembling 74.s...
linking...
Program Size: Code=112 RO-data=0 RW-data=0 ZI-data=12  
".\l7.axf" - 0 Errors, 0 Warning(s).
Rebuild target 'Target 1'
assembling 74.s...
linking...
Program Size: Code=112 RO-data=0 RW-data=0 ZI-data=12  
".\l7.axf" - 0 Errors, 0 Warning(s).
Rebuild target 'Target 1'
assembling q1a.s...
linking...
Program Size: Code=76 RO-data=0 RW-data=0 ZI-data=8  
".\l7.axf" - 0 Errors, 0 Warning(s).
Rebuild target 'Target 1'
assembling q1b.s...
q1b.s(29): error: A1516E: Bad symbol 'd_one', not defined or external
".\l7.axf" - 1 Errors, 0 Warning(s).
Target not created
Rebuild target 'Target 1'
assembling q1b.s...
linking...
Program Size: Code=108 RO-data=0 RW-data=0 ZI-data=8  
".\l7.axf" - 0 Errors, 0 Warning(s).
Rebuild target 'Target 1'
assembling 72.s...
linking...
Program Size: Code=96 RO-data=0 RW-data=0 ZI-data=1024  
".\l7.axf" - 0 Errors, 0 Warning(s).
Rebuild target 'Target 1'
assembling 72.s...
linking...
Program Size: Code=96 RO-data=0 RW-data=0 ZI-data=1024  
".\l7.axf" - 0 Errors, 0 Warning(s).
Rebuild target 'Target 1'
assembling 73.s...
linking...
Program Size: Code=124 RO-data=0 RW-data=0 ZI-data=4  
".\l7.axf" - 0 Errors, 0 Warning(s).
Rebuild target 'Target 1'
assembling 73.s...
linking...
Program Size: Code=96 RO-data=0 RW-data=0 ZI-data=4  
".\l7.axf" - 0 Errors, 0 Warning(s).
Rebuild target 'Target 1'
assembling 73.s...
linking...
Program Size: Code=96 RO-data=0 RW-data=0 ZI-data=4  
".\l7.axf" - 0 Errors, 0 Warning(s).
Rebuild target 'Target 1'
assembling 73.s...
linking...
Program Size: Code=88 RO-data=0 RW-data=0 ZI-data=4  
".\l7.axf" - 0 Errors, 0 Warning(s).
Rebuild target 'Target 1'
assembling 73.s...
linking...
Program Size: Code=88 RO-data=0 RW-data=0 ZI-data=4  
".\l7.axf" - 0 Errors, 0 Warning(s).
Rebuild target 'Target 1'
assembling 74.s...
linking...
Program Size: Code=108 RO-data=0 RW-data=0 ZI-data=12  
".\l7.axf" - 0 Errors, 0 Warning(s).
Rebuild target 'Target 1'
assembling 75a.s...
linking...
Program Size: Code=52 RO-data=0 RW-data=0 ZI-data=4  
".\l7.axf" - 0 Errors, 0 Warning(s).
Rebuild target 'Target 1'
assembling 75b.s...
linking...
Program Size: Code=124 RO-data=0 RW-data=0 ZI-data=4  
".\l7.axf" - 0 Errors, 0 Warning(s).
Rebuild target 'Target 1'
assembling 75c.s...
linking...
Program Size: Code=112 RO-data=0 RW-data=0 ZI-data=1024  
".\l7.axf" - 0 Errors, 0 Warning(s).
Rebuild target 'Target 1'
assembling 75d.s...
linking...
Program Size: Code=52 RO-data=0 RW-data=0 ZI-data=4  
".\l7.axf" - 0 Errors, 0 Warning(s).
Rebuild target 'Target 1'
assembling 75d.s...
linking...
Program Size: Code=52 RO-data=0 RW-data=0 ZI-data=4  
".\l7.axf" - 0 Errors, 0 Warning(s).
Rebuild target 'Target 1'
assembling 75d.s...
linking...
Program Size: Code=52 RO-data=0 RW-data=0 ZI-data=4  
".\l7.axf" - 0 Errors, 0 Warning(s).
Rebuild target 'Target 1'
assembling 75d.s...
75d.s(29): error: A1662E: Cannot specify a data type on this register type
".\l7.axf" - 1 Errors, 0 Warning(s).
Target not created
Rebuild target 'Target 1'
assembling 75d.s...
linking...
Program Size: Code=100 RO-data=0 RW-data=0 ZI-data=4  
".\l7.axf" - 0 Errors, 0 Warning(s).
Rebuild target 'Target 1'
assembling 71sda.s...
linking...
Program Size: Code=104 RO-data=0 RW-data=0 ZI-data=8  
".\l7.axf" - 0 Errors, 0 Warning(s).
Rebuild target 'Target 1'
assembling 71sda.s...
linking...
Program Size: Code=104 RO-data=0 RW-data=0 ZI-data=8  
".\l7.axf" - 0 Errors, 0 Warning(s).
Rebuild target 'Target 1'
assembling 71sda.s...
linking...
Program Size: Code=104 RO-data=0 RW-data=0 ZI-data=8  
".\l7.axf" - 0 Errors, 0 Warning(s).
