


ARM Macro Assembler    Page 1 


    1 00000000                 AREA             qthreetwo, CODE, READONLY
    2 00000000                 EXPORT           Reset_Handler
    3 00000000         Reset_Handler
    4 00000000 E3A01101 
                       Start   MOV              R1, #0x40000000 ; Address of th
                                                            e memory where the
    5 00000004         ; number is present
    6 00000004 E3A00000        MOV              R0, #0      ; R0 holds the resu
                                                            lt
    7 00000008 E4912004 
                       Loop    LDR              R2, [R1], #4 ; Load the first n
                                                            umber & advance ptr
                                                            
    8 0000000C E4913004        LDR              R3, [R1], #4 ; Load the second 
                                                            number & advance pt
                                                            r
    9 00000010 E0520003        SUBS             R0, R2, R3  ; Subtract the numb
                                                            ers
   10 00000014 E2C44000        SBC              R4, #0      ;
   11 00000018 E4810004        STR              R0, [R1], #4 ; store the result
                                                             in the next memory
                                                            
   12 0000001C E4C14004        STRB             R4, [R1], #4 ; store the carry 
                                                            result in the next 
                                                            memory
   13 00000020 EAFFFFFE 
                       Stop    B                Stop
   14 00000024                 END
Command Line: --debug --xref --apcs=interwork --depend=.\unsinged32.d -o.\unsin
ged32.o -IC:\Keil\ARM\RV31\INC -IC:\Keil\ARM\CMSIS\Include --predefine="__EVAL 
SETA 1" --list=.\unsinged32.lst 3_3\unsinged32.s



ARM Macro Assembler    Page 1 Alphabetic symbol ordering
Relocatable symbols

Loop 00000008

Symbol: Loop
   Definitions
      At line 7 in file 3_3\unsinged32.s
   Uses
      None
Comment: Loop unused
Reset_Handler 00000000

Symbol: Reset_Handler
   Definitions
      At line 3 in file 3_3\unsinged32.s
   Uses
      At line 2 in file 3_3\unsinged32.s
Comment: Reset_Handler used once
Start 00000000

Symbol: Start
   Definitions
      At line 4 in file 3_3\unsinged32.s
   Uses
      None
Comment: Start unused
Stop 00000020

Symbol: Stop
   Definitions
      At line 13 in file 3_3\unsinged32.s
   Uses
      At line 13 in file 3_3\unsinged32.s
Comment: Stop used once
qthreetwo 00000000

Symbol: qthreetwo
   Definitions
      At line 1 in file 3_3\unsinged32.s
   Uses
      None
Comment: qthreetwo unused
5 symbols
336 symbols in table
