ARM Linker, 5.03 [Build 76] [MDK-ARM Lite]

==============================================================================

Section Cross References

    q5.o(hmm) refers to q5.o(AllocSpace) for c


==============================================================================

Image Symbol Table

    Local Symbols

    Symbol Name                              Value     Ov Type        Size  Object(Section)

    hmm                                      0x00000000   Section      140  q5.o(hmm)
    q5.s                                     0x00000000   Number         0  q5.o ABSOLUTE
    a                                        0x00000078   Data           4  q5.o(hmm)
    bi                                       0x0000007c   Data           4  q5.o(hmm)
    AllocSpace                               0x0000008c   Section        8  q5.o(AllocSpace)
    c                                        0x0000008c   Data           8  q5.o(AllocSpace)

    Global Symbols

    Symbol Name                              Value     Ov Type        Size  Object(Section)

    BuildAttributes$$THM_ISAv1$ARM_ISAv4$S$PE$A:L22$X:L11$S22$IEEE1$IW$USESV6$~STKCKD$USESV7$~SHL$OSPACE$EBA8$STANDARDLIB$PRES8$EABIv2 0x00000000   Number         0  anon$$obj.o ABSOLUTE
    Reset_Handler                            0x00000000   ARM Code       0  q5.o(hmm)



==============================================================================

Memory Map of the image

  Image Entry point : 0x00000000

  Load Region LR_1 (Base: 0x00000000, Size: 0x0000008c, Max: 0xffffffff, ABSOLUTE)

    Execution Region ER_RO (Base: 0x00000000, Size: 0x00000000, Max: 0xffffffff, ABSOLUTE)

    **** No section assigned to this execution region ****


    Execution Region ER_RW (Base: 0x00000000, Size: 0x0000008c, Max: 0xffffffff, ABSOLUTE)

    Base Addr    Size         Type   Attr      Idx    E Section Name        Object

    0x00000000   0x0000008c   Code   RW            2  * hmm                 q5.o


    Execution Region ER_ZI (Base: 0x0000008c, Size: 0x00000008, Max: 0xffffffff, ABSOLUTE)

    Base Addr    Size         Type   Attr      Idx    E Section Name        Object

    0x0000008c   0x00000008   Zero   RW            1    AllocSpace          q5.o


==============================================================================

Image component sizes


      Code (inc. data)   RO Data    RW Data    ZI Data      Debug   Object Name

       140         20          0          0          8        240   q5.o

    ----------------------------------------------------------------------
       140         20          0          0          8        240   Object Totals
         0          0          0          0          0          0   (incl. Generated)
         0          0          0          0          0          0   (incl. Padding)

    ----------------------------------------------------------------------
         0          0          0          0          0          0   Library Totals
         0          0          0          0          0          0   (incl. Padding)

    ----------------------------------------------------------------------

==============================================================================


      Code (inc. data)   RO Data    RW Data    ZI Data      Debug   

       140         20          0          0          8        240   Grand Totals
       140         20          0          0          8        240   ELF Image Totals
       140         20          0          0          0          0   ROM Totals

==============================================================================

    Total RO  Size (Code + RO Data)                  140 (   0.14kB)
    Total RW  Size (RW Data + ZI Data)                 8 (   0.01kB)
    Total ROM Size (Code + RO Data + RW Data)        140 (   0.14kB)

==============================================================================

