<html>
<body>
<pre>
<h1>µVision Build Log</h1>
<h2>Project:</h2>
D:\Studies\College\4th_Sem\EC210 - Microprocessor's LAB\lab6\l6.uvproj
Project File Date:  03/23/2022

<h2>Output:</h2>
Rebuild target 'Target 1'
assembling q1.s...
q1.s(22): error: A1137E: Unexpected characters at end of line
".\l6.axf" - 1 Errors, 0 Warning(s).
Target not created
Rebuild target 'Target 1'
assembling q1.s...
linking...
Program Size: Code=56 RO-data=0 RW-data=0 ZI-data=8  
".\l6.axf" - 0 Errors, 0 Warning(s).
Build target 'Target 1'
assembling q1.s...
linking...
Program Size: Code=56 RO-data=0 RW-data=0 ZI-data=8  
".\l6.axf" - 0 Errors, 0 Warning(s).
Rebuild target 'Target 1'
assembling q1.s...
linking...
Program Size: Code=56 RO-data=0 RW-data=0 ZI-data=8  
".\l6.axf" - 0 Errors, 0 Warning(s).
Rebuild target 'Target 1'
assembling q1.s...
linking...
Program Size: Code=56 RO-data=0 RW-data=0 ZI-data=8  
".\l6.axf" - 0 Errors, 0 Warning(s).
Rebuild target 'Target 1'
assembling q1.s...
linking...
Program Size: Code=56 RO-data=0 RW-data=0 ZI-data=8  
".\l6.axf" - 0 Errors, 0 Warning(s).
Rebuild target 'Target 1'
assembling q3.s...
linking...
Program Size: Code=112 RO-data=0 RW-data=0 ZI-data=8  
".\l6.axf" - 0 Errors, 0 Warning(s).
Rebuild target 'Target 1'
assembling q3.s...
linking...
Program Size: Code=112 RO-data=0 RW-data=0 ZI-data=8  
".\l6.axf" - 0 Errors, 0 Warning(s).
Rebuild target 'Target 1'
assembling q3.s...
linking...
Program Size: Code=112 RO-data=0 RW-data=0 ZI-data=16  
".\l6.axf" - 0 Errors, 0 Warning(s).
Rebuild target 'Target 1'
assembling q3.s...
linking...
Program Size: Code=112 RO-data=0 RW-data=0 ZI-data=16  
".\l6.axf" - 0 Errors, 0 Warning(s).
Rebuild target 'Target 1'
assembling q3.s...
linking...
Program Size: Code=104 RO-data=0 RW-data=0 ZI-data=16  
".\l6.axf" - 0 Errors, 0 Warning(s).
Rebuild target 'Target 1'
assembling q4.s...
linking...
Program Size: Code=84 RO-data=0 RW-data=0 ZI-data=16  
".\l6.axf" - 0 Errors, 0 Warning(s).
Rebuild target 'Target 1'
assembling q4.s...
linking...
Program Size: Code=104 RO-data=0 RW-data=0 ZI-data=16  
".\l6.axf" - 0 Errors, 0 Warning(s).
Rebuild target 'Target 1'
assembling q4.s...
linking...
Program Size: Code=104 RO-data=0 RW-data=0 ZI-data=16  
".\l6.axf" - 0 Errors, 0 Warning(s).
Rebuild target 'Target 1'
assembling q4.s...
linking...
Program Size: Code=104 RO-data=0 RW-data=0 ZI-data=16  
".\l6.axf" - 0 Errors, 0 Warning(s).
Rebuild target 'Target 1'
assembling q4.s...
linking...
Program Size: Code=104 RO-data=0 RW-data=0 ZI-data=16  
".\l6.axf" - 0 Errors, 0 Warning(s).
Rebuild target 'Target 1'
assembling q4.s...
linking...
Program Size: Code=104 RO-data=0 RW-data=0 ZI-data=16  
".\l6.axf" - 0 Errors, 0 Warning(s).
Rebuild target 'Target 1'
assembling q4.s...
linking...
Program Size: Code=104 RO-data=0 RW-data=0 ZI-data=16  
".\l6.axf" - 0 Errors, 0 Warning(s).
Rebuild target 'Target 1'
assembling q4.s...
linking...
Program Size: Code=104 RO-data=0 RW-data=0 ZI-data=16  
".\l6.axf" - 0 Errors, 0 Warning(s).
Rebuild target 'Target 1'
assembling q5.s...
q5.s(42): error: A1916E: Unknown built-in variable 'R0'
".\l6.axf" - 1 Errors, 0 Warning(s).
Target not created
Rebuild target 'Target 1'
assembling q5.s...
q5.s(31): error: A1516E: Bad symbol 'multiply', not defined or external
q5.s(40): error: A1516E: Bad symbol 'write', not defined or external
".\l6.axf" - 2 Errors, 0 Warning(s).
Target not created
Rebuild target 'Target 1'
assembling q5.s...
linking...
Program Size: Code=140 RO-data=0 RW-data=0 ZI-data=8  
".\l6.axf" - 0 Errors, 0 Warning(s).
Rebuild target 'Target 1'
assembling q1.s...
linking...
Program Size: Code=56 RO-data=0 RW-data=0 ZI-data=8  
".\l6.axf" - 0 Errors, 0 Warning(s).
Rebuild target 'Target 1'
assembling q2.s...
linking...
Program Size: Code=56 RO-data=0 RW-data=0 ZI-data=8  
".\l6.axf" - 0 Errors, 0 Warning(s).
Rebuild target 'Target 1'
assembling q3.s...
linking...
Program Size: Code=132 RO-data=0 RW-data=0 ZI-data=16  
".\l6.axf" - 0 Errors, 0 Warning(s).
Rebuild target 'Target 1'
assembling q4.s...
linking...
Program Size: Code=104 RO-data=0 RW-data=0 ZI-data=16  
".\l6.axf" - 0 Errors, 0 Warning(s).
Rebuild target 'Target 1'
assembling q4.s...
linking...
Program Size: Code=104 RO-data=0 RW-data=0 ZI-data=16  
".\l6.axf" - 0 Errors, 0 Warning(s).
Rebuild target 'Target 1'
assembling q5.s...
linking...
Program Size: Code=140 RO-data=0 RW-data=0 ZI-data=8  
".\l6.axf" - 0 Errors, 0 Warning(s).
