------------------------------------------------------------
Timing Analyzer Summary
------------------------------------------------------------

Type  : Slow 1100mV 85C Model Setup 'clk'
Slack : -3.631
TNS   : -99.885

Type  : Slow 1100mV 85C Model Hold 'clk'
Slack : 0.349
TNS   : 0.000

Type  : Slow 1100mV 85C Model Minimum Pulse Width 'clk'
Slack : -0.394
TNS   : -26.960

Type  : Slow 1100mV 0C Model Setup 'clk'
Slack : -3.563
TNS   : -98.060

Type  : Slow 1100mV 0C Model Hold 'clk'
Slack : 0.331
TNS   : 0.000

Type  : Slow 1100mV 0C Model Minimum Pulse Width 'clk'
Slack : -0.394
TNS   : -28.695

Type  : Fast 1100mV 85C Model Setup 'clk'
Slack : -1.768
TNS   : -45.016

Type  : Fast 1100mV 85C Model Hold 'clk'
Slack : 0.178
TNS   : 0.000

Type  : Fast 1100mV 85C Model Minimum Pulse Width 'clk'
Slack : -0.084
TNS   : -4.134

Type  : Fast 1100mV 0C Model Setup 'clk'
Slack : -1.509
TNS   : -37.422

Type  : Fast 1100mV 0C Model Hold 'clk'
Slack : 0.169
TNS   : 0.000

Type  : Fast 1100mV 0C Model Minimum Pulse Width 'clk'
Slack : -0.082
TNS   : -4.059

------------------------------------------------------------
