ARM Linker, 5.03 [Build 76] [MDK-ARM Lite]

==============================================================================

Section Cross References

    c.o(hmm) refers to c.o(AllocSpace) for str_rev


==============================================================================

Image Symbol Table

    Local Symbols

    Symbol Name                              Value     Ov Type        Size  Object(Section)

    hmm                                      0x00000000   Section      140  c.o(hmm)
    c.s                                      0x00000000   Number         0  c.o ABSOLUTE
    str_src                                  0x00000068   Data           8  c.o(hmm)
    sub_str                                  0x00000070   Data           4  c.o(hmm)
    sub_index                                0x00000074   Data           1  c.o(hmm)
    AllocSpace                               0x0000008c   Section     1024  c.o(AllocSpace)
    str_rev                                  0x0000008c   Data        1024  c.o(AllocSpace)

    Global Symbols

    Symbol Name                              Value     Ov Type        Size  Object(Section)

    BuildAttributes$$THM_ISAv1$ARM_ISAv4$S$PE$A:L22$X:L11$S22$IEEE1$IW$USESV6$~STKCKD$USESV7$~SHL$OSPACE$EBA8$STANDARDLIB$PRES8$EABIv2 0x00000000   Number         0  anon$$obj.o ABSOLUTE
    Reset_Handler                            0x00000000   ARM Code       0  c.o(hmm)



==============================================================================

Memory Map of the image

  Image Entry point : 0x00000000

  Load Region LR_1 (Base: 0x00000000, Size: 0x0000008c, Max: 0xffffffff, ABSOLUTE)

    Execution Region ER_RO (Base: 0x00000000, Size: 0x00000000, Max: 0xffffffff, ABSOLUTE)

    **** No section assigned to this execution region ****


    Execution Region ER_RW (Base: 0x00000000, Size: 0x0000008c, Max: 0xffffffff, ABSOLUTE)

    Base Addr    Size         Type   Attr      Idx    E Section Name        Object

    0x00000000   0x0000008c   Code   RW            2  * hmm                 c.o


    Execution Region ER_ZI (Base: 0x0000008c, Size: 0x00000400, Max: 0xffffffff, ABSOLUTE)

    Base Addr    Size         Type   Attr      Idx    E Section Name        Object

    0x0000008c   0x00000400   Zero   RW            1    AllocSpace          c.o


==============================================================================

Image component sizes


      Code (inc. data)   RO Data    RW Data    ZI Data      Debug   Object Name

       140         32          0          0       1024        232   c.o

    ----------------------------------------------------------------------
       140         32          0          0       1024        232   Object Totals
         0          0          0          0          0          0   (incl. Generated)
         0          0          0          0          0          0   (incl. Padding)

    ----------------------------------------------------------------------
         0          0          0          0          0          0   Library Totals
         0          0          0          0          0          0   (incl. Padding)

    ----------------------------------------------------------------------

==============================================================================


      Code (inc. data)   RO Data    RW Data    ZI Data      Debug   

       140         32          0          0       1024        232   Grand Totals
       140         32          0          0       1024        232   ELF Image Totals
       140         32          0          0          0          0   ROM Totals

==============================================================================

    Total RO  Size (Code + RO Data)                  140 (   0.14kB)
    Total RW  Size (RW Data + ZI Data)              1024 (   1.00kB)
    Total ROM Size (Code + RO Data + RW Data)        140 (   0.14kB)

==============================================================================

