------------------------------------------------------------
Timing Analyzer Summary
------------------------------------------------------------

Type  : Slow 1100mV 85C Model Setup 'clk'
Slack : -0.761
TNS   : -19.735

Type  : Slow 1100mV 85C Model Hold 'clk'
Slack : 0.204
TNS   : 0.000

Type  : Slow 1100mV 85C Model Recovery 'clk'
Slack : -0.320
TNS   : -0.320

Type  : Slow 1100mV 85C Model Removal 'clk'
Slack : 0.779
TNS   : 0.000

Type  : Slow 1100mV 85C Model Minimum Pulse Width 'clk'
Slack : -0.394
TNS   : -17.578

Type  : Slow 1100mV 0C Model Setup 'clk'
Slack : -0.695
TNS   : -18.194

Type  : Slow 1100mV 0C Model Hold 'clk'
Slack : 0.191
TNS   : 0.000

Type  : Slow 1100mV 0C Model Recovery 'clk'
Slack : -0.261
TNS   : -0.261

Type  : Slow 1100mV 0C Model Removal 'clk'
Slack : 0.723
TNS   : 0.000

Type  : Slow 1100mV 0C Model Minimum Pulse Width 'clk'
Slack : -0.394
TNS   : -19.044

Type  : Fast 1100mV 85C Model Setup 'clk'
Slack : 0.043
TNS   : 0.000

Type  : Fast 1100mV 85C Model Hold 'clk'
Slack : 0.124
TNS   : 0.000

Type  : Fast 1100mV 85C Model Recovery 'clk'
Slack : 0.239
TNS   : 0.000

Type  : Fast 1100mV 85C Model Removal 'clk'
Slack : 0.447
TNS   : 0.000

Type  : Fast 1100mV 85C Model Minimum Pulse Width 'clk'
Slack : -0.084
TNS   : -2.718

Type  : Fast 1100mV 0C Model Setup 'clk'
Slack : 0.108
TNS   : 0.000

Type  : Fast 1100mV 0C Model Hold 'clk'
Slack : 0.112
TNS   : 0.000

Type  : Fast 1100mV 0C Model Recovery 'clk'
Slack : 0.296
TNS   : 0.000

Type  : Fast 1100mV 0C Model Removal 'clk'
Slack : 0.402
TNS   : 0.000

Type  : Fast 1100mV 0C Model Minimum Pulse Width 'clk'
Slack : -0.083
TNS   : -2.669

------------------------------------------------------------
