ARM Linker, 5.03 [Build 76] [MDK-ARM Lite]

==============================================================================

Section Cross References

    q3.o(hmm) refers to q3.o(AllocSpace) for array


==============================================================================

Image Symbol Table

    Local Symbols

    Symbol Name                              Value     Ov Type        Size  Object(Section)

    hmm                                      0x00000000   Section       96  q3.o(hmm)
    q3.s                                     0x00000000   Number         0  q3.o ABSOLUTE
    inputnumber                              0x0000004c   Data           4  q3.o(hmm)
    AllocSpace                               0x00000060   Section     1025  q3.o(AllocSpace)
    result                                   0x00000060   Data           1  q3.o(AllocSpace)
    array                                    0x00000061   Data        1024  q3.o(AllocSpace)

    Global Symbols

    Symbol Name                              Value     Ov Type        Size  Object(Section)

    BuildAttributes$$THM_ISAv1$ARM_ISAv4$S$PE$A:L22$X:L11$S22$IEEE1$IW$USESV6$~STKCKD$USESV7$~SHL$OSPACE$EBA8$STANDARDLIB$PRES8$EABIv2 0x00000000   Number         0  anon$$obj.o ABSOLUTE
    Reset_Handler                            0x00000000   ARM Code       0  q3.o(hmm)



==============================================================================

Memory Map of the image

  Image Entry point : 0x00000000

  Load Region LR_1 (Base: 0x00000000, Size: 0x00000060, Max: 0xffffffff, ABSOLUTE)

    Execution Region ER_RO (Base: 0x00000000, Size: 0x00000000, Max: 0xffffffff, ABSOLUTE)

    **** No section assigned to this execution region ****


    Execution Region ER_RW (Base: 0x00000000, Size: 0x00000060, Max: 0xffffffff, ABSOLUTE)

    Base Addr    Size         Type   Attr      Idx    E Section Name        Object

    0x00000000   0x00000060   Code   RW            2  * hmm                 q3.o


    Execution Region ER_ZI (Base: 0x00000060, Size: 0x00000404, Max: 0xffffffff, ABSOLUTE)

    Base Addr    Size         Type   Attr      Idx    E Section Name        Object

    0x00000060   0x00000401   Zero   RW            1    AllocSpace          q3.o


==============================================================================

Image component sizes


      Code (inc. data)   RO Data    RW Data    ZI Data      Debug   Object Name

        96         20          0          0       1025        228   q3.o

    ----------------------------------------------------------------------
        96         20          0          0       1028        228   Object Totals
         0          0          0          0          0          0   (incl. Generated)
         0          0          0          0          3          0   (incl. Padding)

    ----------------------------------------------------------------------
         0          0          0          0          0          0   Library Totals
         0          0          0          0          0          0   (incl. Padding)

    ----------------------------------------------------------------------

==============================================================================


      Code (inc. data)   RO Data    RW Data    ZI Data      Debug   

        96         20          0          0       1028        228   Grand Totals
        96         20          0          0       1028        228   ELF Image Totals
        96         20          0          0          0          0   ROM Totals

==============================================================================

    Total RO  Size (Code + RO Data)                   96 (   0.09kB)
    Total RW  Size (RW Data + ZI Data)              1028 (   1.00kB)
    Total ROM Size (Code + RO Data + RW Data)         96 (   0.09kB)

==============================================================================

